[cooperative] method=mono seed=0 train=['shake'] frames=2867
  step 2000/20000 loss=0.0305 bc=0.0305 (45s)
  step 4000/20000 loss=0.0312 bc=0.0312 (88s)
  step 6000/20000 loss=0.0211 bc=0.0211 (117s)
  step 8000/20000 loss=0.0145 bc=0.0145 (138s)
  step 10000/20000 loss=0.0134 bc=0.0134 (160s)
  step 12000/20000 loss=0.0062 bc=0.0062 (183s)
  step 14000/20000 loss=0.0086 bc=0.0086 (205s)
  step 16000/20000 loss=0.0093 bc=0.0093 (227s)
  step 18000/20000 loss=0.0085 bc=0.0085 (249s)
  step 20000/20000 loss=0.0034 bc=0.0034 (273s)
   shake        38/50
   (274s)
[cooperative] method=twin seed=0 train=['shake'] frames=2867
  step 2000/20000 loss=0.0333 bc=0.0333 (46s)
  step 4000/20000 loss=0.0292 bc=0.0292 (91s)
  step 6000/20000 loss=0.0096 bc=0.0096 (137s)
  step 8000/20000 loss=0.0149 bc=0.0149 (182s)
  step 10000/20000 loss=0.0136 bc=0.0136 (228s)
  step 12000/20000 loss=0.0065 bc=0.0065 (274s)
  step 14000/20000 loss=0.0088 bc=0.0088 (321s)
  step 16000/20000 loss=0.0090 bc=0.0090 (367s)
  step 18000/20000 loss=0.0083 bc=0.0083 (414s)
  step 20000/20000 loss=0.0034 bc=0.0034 (458s)
   shake        35/50
   (460s)
[cooperative] method=skillvla seed=0 train=['shake'] frames=2867
  step 2000/20000 loss=0.0614 bc=0.0508 l_on=0.0508 l_off=0.4642 y_frac=1.0000 gate_frac=1.0000 l_disc=0.0002 l_prior=0.0002 (100s)
  step 4000/20000 loss=0.0637 bc=0.0534 l_on=0.0534 l_off=0.6862 y_frac=1.0000 gate_frac=1.0000 l_disc=0.0001 l_prior=0.0001 (190s)
  step 6000/20000 loss=0.0481 bc=0.0378 l_on=0.0378 l_off=0.7593 y_frac=1.0000 gate_frac=1.0000 l_disc=0.0001 l_prior=0.0001 (282s)
  step 8000/20000 loss=0.0305 bc=0.0202 l_on=0.0202 l_off=0.7007 y_frac=1.0000 gate_frac=1.0000 l_disc=0.0001 l_prior=0.0001 (372s)
  step 10000/20000 loss=0.0341 bc=0.0238 l_on=0.0238 l_off=0.6371 y_frac=1.0000 gate_frac=1.0000 l_disc=0.0001 l_prior=0.0001 (456s)
  step 12000/20000 loss=0.0313 bc=0.0210 l_on=0.0210 l_off=0.7519 y_frac=1.0000 gate_frac=1.0000 l_disc=0.0001 l_prior=0.0001 (539s)
  step 14000/20000 loss=0.0316 bc=0.0213 l_on=0.0213 l_off=0.9251 y_frac=1.0000 gate_frac=1.0000 l_disc=0.0001 l_prior=0.0001 (621s)
  step 16000/20000 loss=0.0280 bc=0.0177 l_on=0.0177 l_off=0.8445 y_frac=1.0000 gate_frac=1.0000 l_disc=0.0001 l_prior=0.0001 (704s)
  step 18000/20000 loss=0.0299 bc=0.0196 l_on=0.0196 l_off=0.6705 y_frac=1.0000 gate_frac=1.0000 l_disc=0.0001 l_prior=0.0001 (786s)
  step 20000/20000 loss=0.0241 bc=0.0138 l_on=0.0138 l_off=0.7861 y_frac=1.0000 gate_frac=1.0000 l_disc=0.0001 l_prior=0.0001 (868s)
   shake        43/50 gate_on=1.00
   (870s)
[cooperative] method=skillvla_noattn seed=0 train=['shake'] frames=2867
  step 2000/20000 loss=0.0590 bc=0.0590 (40s)
  step 4000/20000 loss=0.0561 bc=0.0561 (84s)
  step 6000/20000 loss=0.0374 bc=0.0374 (126s)
  step 8000/20000 loss=0.0240 bc=0.0240 (170s)
  step 10000/20000 loss=0.0246 bc=0.0246 (212s)
  step 12000/20000 loss=0.0205 bc=0.0205 (256s)
  step 14000/20000 loss=0.0216 bc=0.0216 (293s)
  step 16000/20000 loss=0.0182 bc=0.0182 (346s)
  step 18000/20000 loss=0.0202 bc=0.0202 (385s)
  step 20000/20000 loss=0.0146 bc=0.0146 (420s)
   shake        11/50
   (421s)
[cooperative] method=mono seed=1 train=['shake'] frames=2870
  step 2000/20000 loss=0.0293 bc=0.0293 (21s)
  step 4000/20000 loss=0.0140 bc=0.0140 (42s)
  step 6000/20000 loss=0.0148 bc=0.0148 (63s)
  step 8000/20000 loss=0.0132 bc=0.0132 (84s)
  step 10000/20000 loss=0.0103 bc=0.0103 (105s)
  step 12000/20000 loss=0.0066 bc=0.0066 (126s)
  step 14000/20000 loss=0.0084 bc=0.0084 (147s)
  step 16000/20000 loss=0.0094 bc=0.0094 (168s)
  step 18000/20000 loss=0.0097 bc=0.0097 (189s)
  step 20000/20000 loss=0.0130 bc=0.0130 (210s)
   shake        34/50
   (211s)
[cooperative] method=twin seed=1 train=['shake'] frames=2870
  step 2000/20000 loss=0.0330 bc=0.0330 (44s)
  step 4000/20000 loss=0.0139 bc=0.0139 (89s)
  step 6000/20000 loss=0.0175 bc=0.0175 (134s)
  step 8000/20000 loss=0.0135 bc=0.0135 (178s)
  step 10000/20000 loss=0.0099 bc=0.0099 (222s)
  step 12000/20000 loss=0.0070 bc=0.0070 (267s)
  step 14000/20000 loss=0.0088 bc=0.0088 (311s)
  step 16000/20000 loss=0.0097 bc=0.0097 (355s)
  step 18000/20000 loss=0.0105 bc=0.0105 (400s)
  step 20000/20000 loss=0.0139 bc=0.0139 (445s)
   shake        39/50
   (446s)
[cooperative] method=skillvla seed=1 train=['shake'] frames=2870
  step 2000/20000 loss=0.0804 bc=0.0701 l_on=0.0701 l_off=0.7714 y_frac=1.0000 gate_frac=1.0000 l_disc=0.0001 l_prior=0.0001 (81s)
  step 4000/20000 loss=0.0543 bc=0.0440 l_on=0.0440 l_off=1.0041 y_frac=1.0000 gate_frac=1.0000 l_disc=0.0001 l_prior=0.0001 (161s)
  step 6000/20000 loss=0.0307 bc=0.0204 l_on=0.0204 l_off=0.7312 y_frac=1.0000 gate_frac=1.0000 l_disc=0.0001 l_prior=0.0001 (242s)
  step 8000/20000 loss=0.0379 bc=0.0276 l_on=0.0276 l_off=1.0920 y_frac=1.0000 gate_frac=1.0000 l_disc=0.0001 l_prior=0.0001 (323s)
  step 10000/20000 loss=0.0368 bc=0.0265 l_on=0.0265 l_off=1.1728 y_frac=1.0000 gate_frac=1.0000 l_disc=0.0001 l_prior=0.0001 (404s)
  step 12000/20000 loss=0.0258 bc=0.0155 l_on=0.0155 l_off=1.0070 y_frac=1.0000 gate_frac=1.0000 l_disc=0.0001 l_prior=0.0001 (484s)
  step 14000/20000 loss=0.0285 bc=0.0182 l_on=0.0182 l_off=0.9993 y_frac=1.0000 gate_frac=1.0000 l_disc=0.0001 l_prior=0.0001 (565s)
  step 16000/20000 loss=0.0246 bc=0.0143 l_on=0.0143 l_off=1.0612 y_frac=1.0000 gate_frac=1.0000 l_disc=0.0001 l_prior=0.0001 (646s)
  step 18000/20000 loss=0.0295 bc=0.0192 l_on=0.0192 l_off=1.2131 y_frac=1.0000 gate_frac=1.0000 l_disc=0.0001 l_prior=0.0001 (727s)
  step 20000/20000 loss=0.0301 bc=0.0198 l_on=0.0198 l_off=1.3660 y_frac=1.0000 gate_frac=1.0000 l_disc=0.0001 l_prior=0.0001 (808s)
   shake        49/50 gate_on=1.00
   (809s)
[cooperative] method=skillvla_noattn seed=1 train=['shake'] frames=2870
  step 2000/20000 loss=0.0738 bc=0.0738 (34s)
  step 4000/20000 loss=0.0488 bc=0.0488 (69s)
  step 6000/20000 loss=0.0391 bc=0.0391 (103s)
  step 8000/20000 loss=0.0277 bc=0.0277 (137s)
  step 10000/20000 loss=0.0281 bc=0.0281 (172s)
  step 12000/20000 loss=0.0156 bc=0.0156 (206s)
  step 14000/20000 loss=0.0187 bc=0.0187 (241s)
  step 16000/20000 loss=0.0150 bc=0.0150 (275s)
  step 18000/20000 loss=0.0206 bc=0.0206 (309s)
  step 20000/20000 loss=0.0212 bc=0.0212 (344s)
   shake        6/50
   (345s)
[cooperative] method=mono seed=2 train=['shake'] frames=2878
  step 2000/20000 loss=0.0179 bc=0.0179 (21s)
  step 4000/20000 loss=0.0152 bc=0.0152 (42s)
  step 6000/20000 loss=0.0153 bc=0.0153 (63s)
  step 8000/20000 loss=0.0171 bc=0.0171 (84s)
  step 10000/20000 loss=0.0064 bc=0.0064 (105s)
  step 12000/20000 loss=0.0103 bc=0.0103 (126s)
  step 14000/20000 loss=0.0145 bc=0.0145 (147s)
  step 16000/20000 loss=0.0073 bc=0.0073 (168s)
  step 18000/20000 loss=0.0046 bc=0.0046 (189s)
  step 20000/20000 loss=0.0061 bc=0.0061 (210s)
   shake        46/50
   (211s)
[cooperative] method=twin seed=2 train=['shake'] frames=2878
  step 2000/20000 loss=0.0238 bc=0.0238 (44s)
  step 4000/20000 loss=0.0158 bc=0.0158 (89s)
  step 6000/20000 loss=0.0145 bc=0.0145 (134s)
  step 8000/20000 loss=0.0150 bc=0.0150 (179s)
  step 10000/20000 loss=0.0064 bc=0.0064 (223s)
  step 12000/20000 loss=0.0104 bc=0.0104 (268s)
  step 14000/20000 loss=0.0147 bc=0.0147 (313s)
  step 16000/20000 loss=0.0071 bc=0.0071 (358s)
  step 18000/20000 loss=0.0047 bc=0.0047 (402s)
  step 20000/20000 loss=0.0062 bc=0.0062 (447s)
   shake        40/50
   (449s)
[cooperative] method=skillvla seed=2 train=['shake'] frames=2878
  step 2000/20000 loss=0.0759 bc=0.0656 l_on=0.0656 l_off=0.9812 y_frac=1.0000 gate_frac=1.0000 l_disc=0.0001 l_prior=0.0001 (81s)
  step 4000/20000 loss=0.0413 bc=0.0310 l_on=0.0310 l_off=1.0791 y_frac=1.0000 gate_frac=1.0000 l_disc=0.0001 l_prior=0.0001 (163s)
  step 6000/20000 loss=0.0358 bc=0.0255 l_on=0.0255 l_off=0.9287 y_frac=1.0000 gate_frac=1.0000 l_disc=0.0001 l_prior=0.0001 (245s)
  step 8000/20000 loss=0.0291 bc=0.0188 l_on=0.0188 l_off=0.9659 y_frac=1.0000 gate_frac=1.0000 l_disc=0.0001 l_prior=0.0001 (326s)
  step 10000/20000 loss=0.0368 bc=0.0265 l_on=0.0265 l_off=1.2026 y_frac=1.0000 gate_frac=1.0000 l_disc=0.0001 l_prior=0.0001 (408s)
  step 12000/20000 loss=0.0309 bc=0.0206 l_on=0.0206 l_off=1.2836 y_frac=1.0000 gate_frac=1.0000 l_disc=0.0001 l_prior=0.0001 (489s)
  step 14000/20000 loss=0.0202 bc=0.0099 l_on=0.0099 l_off=0.8987 y_frac=1.0000 gate_frac=1.0000 l_disc=0.0001 l_prior=0.0001 (571s)
  step 16000/20000 loss=0.0206 bc=0.0103 l_on=0.0103 l_off=0.9898 y_frac=1.0000 gate_frac=1.0000 l_disc=0.0001 l_prior=0.0001 (652s)
  step 18000/20000 loss=0.0230 bc=0.0127 l_on=0.0127 l_off=1.1326 y_frac=1.0000 gate_frac=1.0000 l_disc=0.0001 l_prior=0.0001 (733s)
  step 20000/20000 loss=0.0293 bc=0.0190 l_on=0.0190 l_off=1.3340 y_frac=1.0000 gate_frac=1.0000 l_disc=0.0001 l_prior=0.0001 (814s)
   shake        44/50 gate_on=1.00
   (815s)
[cooperative] method=skillvla_noattn seed=2 train=['shake'] frames=2878
  step 2000/20000 loss=0.0662 bc=0.0662 (35s)
  step 4000/20000 loss=0.0350 bc=0.0350 (69s)
  step 6000/20000 loss=0.0235 bc=0.0235 (104s)
  step 8000/20000 loss=0.0179 bc=0.0179 (138s)
  step 10000/20000 loss=0.0290 bc=0.0290 (173s)
  step 12000/20000 loss=0.0217 bc=0.0217 (209s)
  step 14000/20000 loss=0.0103 bc=0.0103 (244s)
  step 16000/20000 loss=0.0106 bc=0.0106 (279s)
  step 18000/20000 loss=0.0140 bc=0.0140 (315s)
  step 20000/20000 loss=0.0205 bc=0.0205 (351s)
   shake        12/50
   (351s)
[cooperative] method=mono seed=0 train=['ball'] frames=1884
  step 2000/20000 loss=0.0238 bc=0.0238 (21s)
  step 4000/20000 loss=0.0447 bc=0.0447 (43s)
  step 6000/20000 loss=0.0058 bc=0.0058 (64s)
  step 8000/20000 loss=0.0074 bc=0.0074 (85s)
  step 10000/20000 loss=0.0081 bc=0.0081 (107s)
  step 12000/20000 loss=0.0039 bc=0.0039 (129s)
  step 14000/20000 loss=0.0037 bc=0.0037 (150s)
  step 16000/20000 loss=0.0026 bc=0.0026 (171s)
  step 18000/20000 loss=0.0040 bc=0.0040 (193s)
  step 20000/20000 loss=0.0015 bc=0.0015 (214s)
   ball         40/50
   (215s)
[cooperative] method=twin seed=0 train=['ball'] frames=1884
  step 2000/20000 loss=0.0253 bc=0.0253 (46s)
  step 4000/20000 loss=0.0217 bc=0.0217 (91s)
  step 6000/20000 loss=0.0056 bc=0.0056 (137s)
  step 8000/20000 loss=0.0088 bc=0.0088 (183s)
  step 10000/20000 loss=0.0076 bc=0.0076 (229s)
  step 12000/20000 loss=0.0040 bc=0.0040 (274s)
  step 14000/20000 loss=0.0039 bc=0.0039 (319s)
  step 16000/20000 loss=0.0030 bc=0.0030 (365s)
  step 18000/20000 loss=0.0044 bc=0.0044 (411s)
  step 20000/20000 loss=0.0016 bc=0.0016 (457s)
   ball         47/50
   (457s)
[cooperative] method=skillvla seed=0 train=['ball'] frames=1884
  step 2000/20000 loss=0.0454 bc=0.0351 l_on=0.0351 l_off=0.5653 y_frac=1.0000 gate_frac=1.0000 l_disc=0.0001 l_prior=0.0001 (85s)
  step 4000/20000 loss=0.0383 bc=0.0280 l_on=0.0280 l_off=0.7497 y_frac=1.0000 gate_frac=1.0000 l_disc=0.0001 l_prior=0.0001 (168s)
  step 6000/20000 loss=0.0317 bc=0.0214 l_on=0.0214 l_off=0.8667 y_frac=1.0000 gate_frac=1.0000 l_disc=0.0001 l_prior=0.0001 (251s)
  step 8000/20000 loss=0.0327 bc=0.0224 l_on=0.0224 l_off=0.9505 y_frac=1.0000 gate_frac=1.0000 l_disc=0.0001 l_prior=0.0001 (333s)
  step 10000/20000 loss=0.0242 bc=0.0139 l_on=0.0139 l_off=1.2835 y_frac=1.0000 gate_frac=1.0000 l_disc=0.0001 l_prior=0.0001 (415s)
  step 12000/20000 loss=0.0172 bc=0.0069 l_on=0.0069 l_off=1.0129 y_frac=1.0000 gate_frac=1.0000 l_disc=0.0001 l_prior=0.0001 (497s)
  step 14000/20000 loss=0.0248 bc=0.0145 l_on=0.0145 l_off=1.3072 y_frac=1.0000 gate_frac=1.0000 l_disc=0.0001 l_prior=0.0001 (580s)
  step 16000/20000 loss=0.0184 bc=0.0081 l_on=0.0081 l_off=1.0460 y_frac=1.0000 gate_frac=1.0000 l_disc=0.0001 l_prior=0.0001 (662s)
  step 18000/20000 loss=0.0184 bc=0.0081 l_on=0.0081 l_off=1.3747 y_frac=1.0000 gate_frac=1.0000 l_disc=0.0001 l_prior=0.0001 (746s)
  step 20000/20000 loss=0.0155 bc=0.0052 l_on=0.0052 l_off=1.0940 y_frac=1.0000 gate_frac=1.0000 l_disc=0.0001 l_prior=0.0001 (829s)
   ball         45/50 gate_on=1.00
   (831s)
[cooperative] method=skillvla_noattn seed=0 train=['ball'] frames=1884
  step 2000/20000 loss=0.0383 bc=0.0383 (35s)
  step 4000/20000 loss=0.0352 bc=0.0352 (70s)
  step 6000/20000 loss=0.0210 bc=0.0210 (105s)
  step 8000/20000 loss=0.0182 bc=0.0182 (140s)
  step 10000/20000 loss=0.0155 bc=0.0155 (174s)
  step 12000/20000 loss=0.0063 bc=0.0063 (209s)
  step 14000/20000 loss=0.0152 bc=0.0152 (244s)
  step 16000/20000 loss=0.0079 bc=0.0079 (279s)
  step 18000/20000 loss=0.0081 bc=0.0081 (314s)
  step 20000/20000 loss=0.0051 bc=0.0051 (349s)
   ball         1/50
   (350s)
[cooperative] method=mono seed=1 train=['ball'] frames=1937
  step 2000/20000 loss=0.0210 bc=0.0210 (21s)
  step 4000/20000 loss=0.0094 bc=0.0094 (43s)
  step 6000/20000 loss=0.0136 bc=0.0136 (65s)
  step 8000/20000 loss=0.0062 bc=0.0062 (87s)
  step 10000/20000 loss=0.0059 bc=0.0059 (108s)
  step 12000/20000 loss=0.0044 bc=0.0044 (129s)
  step 14000/20000 loss=0.0041 bc=0.0041 (151s)
  step 16000/20000 loss=0.0053 bc=0.0053 (172s)
  step 18000/20000 loss=0.0050 bc=0.0050 (194s)
  step 20000/20000 loss=0.0032 bc=0.0032 (216s)
   ball         37/50
   (217s)
[cooperative] method=twin seed=1 train=['ball'] frames=1937
  step 2000/20000 loss=0.0214 bc=0.0214 (46s)
  step 4000/20000 loss=0.0129 bc=0.0129 (91s)
  step 6000/20000 loss=0.0145 bc=0.0145 (136s)
  step 8000/20000 loss=0.0070 bc=0.0070 (182s)
  step 10000/20000 loss=0.0065 bc=0.0065 (227s)
  step 12000/20000 loss=0.0047 bc=0.0047 (273s)
  step 14000/20000 loss=0.0042 bc=0.0042 (319s)
  step 16000/20000 loss=0.0054 bc=0.0054 (365s)
  step 18000/20000 loss=0.0064 bc=0.0064 (410s)
  step 20000/20000 loss=0.0041 bc=0.0041 (455s)
   ball         45/50
   (456s)
[cooperative] method=skillvla seed=1 train=['ball'] frames=1937
  step 2000/20000 loss=0.0485 bc=0.0382 l_on=0.0382 l_off=0.9635 y_frac=1.0000 gate_frac=1.0000 l_disc=0.0001 l_prior=0.0001 (83s)
  step 4000/20000 loss=0.0326 bc=0.0223 l_on=0.0223 l_off=1.1070 y_frac=1.0000 gate_frac=1.0000 l_disc=0.0001 l_prior=0.0001 (168s)
  step 6000/20000 loss=0.0286 bc=0.0183 l_on=0.0183 l_off=1.1047 y_frac=1.0000 gate_frac=1.0000 l_disc=0.0001 l_prior=0.0001 (251s)
  step 8000/20000 loss=0.0240 bc=0.0137 l_on=0.0137 l_off=1.1026 y_frac=1.0000 gate_frac=1.0000 l_disc=0.0001 l_prior=0.0001 (333s)
  step 10000/20000 loss=0.0231 bc=0.0128 l_on=0.0128 l_off=1.2713 y_frac=1.0000 gate_frac=1.0000 l_disc=0.0001 l_prior=0.0001 (416s)
  step 12000/20000 loss=0.0164 bc=0.0061 l_on=0.0061 l_off=1.0985 y_frac=1.0000 gate_frac=1.0000 l_disc=0.0001 l_prior=0.0001 (499s)
  step 14000/20000 loss=0.0212 bc=0.0109 l_on=0.0109 l_off=1.1194 y_frac=1.0000 gate_frac=1.0000 l_disc=0.0001 l_prior=0.0001 (582s)
  step 16000/20000 loss=0.0173 bc=0.0070 l_on=0.0070 l_off=1.4732 y_frac=1.0000 gate_frac=1.0000 l_disc=0.0001 l_prior=0.0001 (664s)
  step 18000/20000 loss=0.0248 bc=0.0145 l_on=0.0145 l_off=1.3876 y_frac=1.0000 gate_frac=1.0000 l_disc=0.0001 l_prior=0.0001 (747s)
  step 20000/20000 loss=0.0198 bc=0.0095 l_on=0.0095 l_off=1.4966 y_frac=1.0000 gate_frac=1.0000 l_disc=0.0001 l_prior=0.0001 (829s)
   ball         44/50 gate_on=1.00
   (830s)
[cooperative] method=skillvla_noattn seed=1 train=['ball'] frames=1937
  step 2000/20000 loss=0.0528 bc=0.0528 (35s)
  step 4000/20000 loss=0.0242 bc=0.0242 (71s)
  step 6000/20000 loss=0.0170 bc=0.0170 (106s)
  step 8000/20000 loss=0.0158 bc=0.0158 (141s)
  step 10000/20000 loss=0.0151 bc=0.0151 (176s)
  step 12000/20000 loss=0.0079 bc=0.0079 (212s)
  step 14000/20000 loss=0.0106 bc=0.0106 (247s)
  step 16000/20000 loss=0.0072 bc=0.0072 (282s)
  step 18000/20000 loss=0.0152 bc=0.0152 (316s)
  step 20000/20000 loss=0.0100 bc=0.0100 (351s)
   ball         9/50
   (352s)
[cooperative] method=mono seed=2 train=['ball'] frames=1844
  step 2000/20000 loss=0.0167 bc=0.0167 (21s)
  step 4000/20000 loss=0.0099 bc=0.0099 (42s)
  step 6000/20000 loss=0.0105 bc=0.0105 (63s)
  step 8000/20000 loss=0.0094 bc=0.0094 (84s)
  step 10000/20000 loss=0.0029 bc=0.0029 (105s)
  step 12000/20000 loss=0.0054 bc=0.0054 (126s)
  step 14000/20000 loss=0.0053 bc=0.0053 (147s)
  step 16000/20000 loss=0.0016 bc=0.0016 (168s)
  step 18000/20000 loss=0.0029 bc=0.0029 (190s)
  step 20000/20000 loss=0.0018 bc=0.0018 (211s)
   ball         38/50
   (212s)
[cooperative] method=twin seed=2 train=['ball'] frames=1844
  step 2000/20000 loss=0.0143 bc=0.0143 (45s)
  step 4000/20000 loss=0.0103 bc=0.0103 (91s)
  step 6000/20000 loss=0.0111 bc=0.0111 (136s)
  step 8000/20000 loss=0.0108 bc=0.0108 (181s)
  step 10000/20000 loss=0.0029 bc=0.0029 (227s)
  step 12000/20000 loss=0.0058 bc=0.0058 (272s)
  step 14000/20000 loss=0.0066 bc=0.0066 (316s)
  step 16000/20000 loss=0.0019 bc=0.0019 (362s)
  step 18000/20000 loss=0.0033 bc=0.0033 (407s)
  step 20000/20000 loss=0.0023 bc=0.0023 (452s)
   ball         41/50
   (454s)
[cooperative] method=skillvla seed=2 train=['ball'] frames=1844
  step 2000/20000 loss=0.0535 bc=0.0432 l_on=0.0432 l_off=1.5696 y_frac=1.0000 gate_frac=1.0000 l_disc=0.0001 l_prior=0.0001 (82s)
  step 4000/20000 loss=0.0307 bc=0.0204 l_on=0.0204 l_off=1.6438 y_frac=1.0000 gate_frac=1.0000 l_disc=0.0001 l_prior=0.0001 (165s)
  step 6000/20000 loss=0.0244 bc=0.0141 l_on=0.0141 l_off=1.5048 y_frac=1.0000 gate_frac=1.0000 l_disc=0.0001 l_prior=0.0001 (247s)
  step 8000/20000 loss=0.0195 bc=0.0092 l_on=0.0092 l_off=1.7127 y_frac=1.0000 gate_frac=1.0000 l_disc=0.0001 l_prior=0.0001 (331s)
  step 10000/20000 loss=0.0267 bc=0.0164 l_on=0.0164 l_off=2.2080 y_frac=1.0000 gate_frac=1.0000 l_disc=0.0001 l_prior=0.0001 (415s)
  step 12000/20000 loss=0.0233 bc=0.0130 l_on=0.0130 l_off=1.9901 y_frac=1.0000 gate_frac=1.0000 l_disc=0.0001 l_prior=0.0001 (496s)
  step 14000/20000 loss=0.0148 bc=0.0045 l_on=0.0045 l_off=1.5006 y_frac=1.0000 gate_frac=1.0000 l_disc=0.0001 l_prior=0.0001 (579s)
  step 16000/20000 loss=0.0157 bc=0.0054 l_on=0.0054 l_off=1.9166 y_frac=1.0000 gate_frac=1.0000 l_disc=0.0001 l_prior=0.0001 (662s)
  step 18000/20000 loss=0.0168 bc=0.0065 l_on=0.0065 l_off=2.1850 y_frac=1.0000 gate_frac=1.0000 l_disc=0.0001 l_prior=0.0001 (746s)
  step 20000/20000 loss=0.0202 bc=0.0099 l_on=0.0099 l_off=2.0999 y_frac=1.0000 gate_frac=1.0000 l_disc=0.0001 l_prior=0.0001 (828s)
   ball         47/50 gate_on=1.00
   (830s)
[cooperative] method=skillvla_noattn seed=2 train=['ball'] frames=1844
  step 2000/20000 loss=0.0620 bc=0.0620 (35s)
  step 4000/20000 loss=0.0229 bc=0.0229 (70s)
  step 6000/20000 loss=0.0165 bc=0.0165 (104s)
  step 8000/20000 loss=0.0081 bc=0.0081 (139s)
  step 10000/20000 loss=0.0163 bc=0.0163 (175s)
  step 12000/20000 loss=0.0128 bc=0.0128 (210s)
  step 14000/20000 loss=0.0047 bc=0.0047 (246s)
  step 16000/20000 loss=0.0061 bc=0.0061 (281s)
  step 18000/20000 loss=0.0083 bc=0.0083 (316s)
  step 20000/20000 loss=0.0109 bc=0.0109 (351s)
   ball         3/50
   (351s)
[cooperative] method=mono seed=0 train=['align'] frames=1872
  step 2000/20000 loss=0.0622 bc=0.0622 (21s)
  step 4000/20000 loss=0.0356 bc=0.0356 (42s)
  step 6000/20000 loss=0.0134 bc=0.0134 (64s)
  step 8000/20000 loss=0.0191 bc=0.0191 (85s)
  step 10000/20000 loss=0.0132 bc=0.0132 (106s)
  step 12000/20000 loss=0.0071 bc=0.0071 (127s)
  step 14000/20000 loss=0.0098 bc=0.0098 (148s)
  step 16000/20000 loss=0.0074 bc=0.0074 (170s)
  step 18000/20000 loss=0.0108 bc=0.0108 (192s)
  step 20000/20000 loss=0.0037 bc=0.0037 (213s)
   align        9/50
   (214s)
[cooperative] method=twin seed=0 train=['align'] frames=1872
  step 2000/20000 loss=0.0539 bc=0.0539 (45s)
  step 4000/20000 loss=0.0307 bc=0.0307 (90s)
  step 6000/20000 loss=0.0112 bc=0.0112 (137s)
  step 8000/20000 loss=0.0191 bc=0.0191 (184s)
  step 10000/20000 loss=0.0147 bc=0.0147 (230s)
  step 12000/20000 loss=0.0067 bc=0.0067 (277s)
  step 14000/20000 loss=0.0096 bc=0.0096 (324s)
  step 16000/20000 loss=0.0073 bc=0.0073 (381s)
  step 18000/20000 loss=0.0110 bc=0.0110 (430s)
  step 20000/20000 loss=0.0036 bc=0.0036 (483s)
   align        12/50
   (486s)
[cooperative] method=skillvla seed=0 train=['align'] frames=1872
  step 2000/20000 loss=0.1320 bc=0.1195 l_on=0.1195 l_off=1.0920 y_frac=1.0000 gate_frac=1.0000 l_disc=0.0009 l_prior=0.0009 (86s)
  step 4000/20000 loss=0.0645 bc=0.0540 l_on=0.0540 l_off=1.3015 y_frac=1.0000 gate_frac=1.0000 l_disc=0.0002 l_prior=0.0002 (168s)
  step 6000/20000 loss=0.0517 bc=0.0414 l_on=0.0414 l_off=1.6611 y_frac=1.0000 gate_frac=1.0000 l_disc=0.0001 l_prior=0.0001 (252s)
  step 8000/20000 loss=0.0369 bc=0.0266 l_on=0.0266 l_off=1.4619 y_frac=1.0000 gate_frac=1.0000 l_disc=0.0001 l_prior=0.0001 (335s)
  step 10000/20000 loss=0.0381 bc=0.0278 l_on=0.0278 l_off=1.6701 y_frac=1.0000 gate_frac=1.0000 l_disc=0.0001 l_prior=0.0001 (418s)
  step 12000/20000 loss=0.0310 bc=0.0207 l_on=0.0207 l_off=1.6480 y_frac=1.0000 gate_frac=1.0000 l_disc=0.0001 l_prior=0.0001 (500s)
  step 14000/20000 loss=0.0309 bc=0.0206 l_on=0.0206 l_off=1.7864 y_frac=1.0000 gate_frac=1.0000 l_disc=0.0001 l_prior=0.0001 (584s)
  step 16000/20000 loss=0.0262 bc=0.0160 l_on=0.0160 l_off=1.5620 y_frac=1.0000 gate_frac=1.0000 l_disc=0.0001 l_prior=0.0001 (666s)
  step 18000/20000 loss=0.0305 bc=0.0202 l_on=0.0202 l_off=2.0340 y_frac=1.0000 gate_frac=1.0000 l_disc=0.0001 l_prior=0.0001 (749s)
  step 20000/20000 loss=0.0237 bc=0.0134 l_on=0.0134 l_off=1.5634 y_frac=1.0000 gate_frac=1.0000 l_disc=0.0001 l_prior=0.0001 (831s)
   align        13/50 gate_on=1.00
   (833s)
[cooperative] method=skillvla_noattn seed=0 train=['align'] frames=1872
  step 2000/20000 loss=0.1117 bc=0.1117 (35s)
  step 4000/20000 loss=0.0595 bc=0.0595 (69s)
  step 6000/20000 loss=0.0404 bc=0.0404 (104s)
  step 8000/20000 loss=0.0267 bc=0.0267 (139s)
  step 10000/20000 loss=0.0270 bc=0.0270 (173s)
  step 12000/20000 loss=0.0197 bc=0.0197 (208s)
  step 14000/20000 loss=0.0198 bc=0.0198 (244s)
  step 16000/20000 loss=0.0145 bc=0.0145 (279s)
  step 18000/20000 loss=0.0187 bc=0.0187 (314s)
  step 20000/20000 loss=0.0134 bc=0.0134 (349s)
   align        18/50
   (351s)
[cooperative] method=mono seed=1 train=['align'] frames=1823
  step 2000/20000 loss=0.0642 bc=0.0642 (21s)
  step 4000/20000 loss=0.0231 bc=0.0231 (42s)
  step 6000/20000 loss=0.0290 bc=0.0290 (63s)
  step 8000/20000 loss=0.0162 bc=0.0162 (85s)
  step 10000/20000 loss=0.0109 bc=0.0109 (106s)
  step 12000/20000 loss=0.0068 bc=0.0068 (128s)
  step 14000/20000 loss=0.0091 bc=0.0091 (149s)
  step 16000/20000 loss=0.0084 bc=0.0084 (171s)
  step 18000/20000 loss=0.0084 bc=0.0084 (192s)
  step 20000/20000 loss=0.0135 bc=0.0135 (213s)
   align        9/50
   (215s)
[cooperative] method=twin seed=1 train=['align'] frames=1823
  step 2000/20000 loss=0.0641 bc=0.0641 (46s)
  step 4000/20000 loss=0.0231 bc=0.0231 (91s)
  step 6000/20000 loss=0.0193 bc=0.0193 (136s)
  step 8000/20000 loss=0.0162 bc=0.0162 (181s)
  step 10000/20000 loss=0.0107 bc=0.0107 (226s)
  step 12000/20000 loss=0.0071 bc=0.0071 (270s)
  step 14000/20000 loss=0.0094 bc=0.0094 (315s)
  step 16000/20000 loss=0.0088 bc=0.0088 (360s)
  step 18000/20000 loss=0.0088 bc=0.0088 (404s)
  step 20000/20000 loss=0.0150 bc=0.0150 (449s)
   align        18/50
   (451s)
[cooperative] method=skillvla seed=1 train=['align'] frames=1823
  step 2000/20000 loss=0.2211 bc=0.1293 l_on=0.1293 l_off=1.2996 y_frac=0.9883 gate_frac=1.0000 l_disc=0.0796 l_prior=0.0012 (81s)
  step 4000/20000 loss=0.0655 bc=0.0552 l_on=0.0552 l_off=1.5235 y_frac=1.0000 gate_frac=1.0000 l_disc=0.0001 l_prior=0.0001 (163s)
  step 6000/20000 loss=0.0475 bc=0.0372 l_on=0.0372 l_off=1.2848 y_frac=1.0000 gate_frac=1.0000 l_disc=0.0001 l_prior=0.0001 (245s)
  step 8000/20000 loss=0.0408 bc=0.0305 l_on=0.0305 l_off=1.3873 y_frac=1.0000 gate_frac=1.0000 l_disc=0.0001 l_prior=0.0001 (327s)
  step 10000/20000 loss=0.0374 bc=0.0271 l_on=0.0271 l_off=1.4134 y_frac=1.0000 gate_frac=1.0000 l_disc=0.0001 l_prior=0.0001 (411s)
  step 12000/20000 loss=0.0287 bc=0.0184 l_on=0.0184 l_off=1.3362 y_frac=1.0000 gate_frac=1.0000 l_disc=0.0001 l_prior=0.0001 (495s)
  step 14000/20000 loss=0.0297 bc=0.0194 l_on=0.0194 l_off=1.4853 y_frac=1.0000 gate_frac=1.0000 l_disc=0.0001 l_prior=0.0001 (578s)
  step 16000/20000 loss=0.0276 bc=0.0173 l_on=0.0173 l_off=1.6064 y_frac=1.0000 gate_frac=1.0000 l_disc=0.0001 l_prior=0.0001 (660s)
  step 18000/20000 loss=0.0272 bc=0.0169 l_on=0.0169 l_off=1.6824 y_frac=1.0000 gate_frac=1.0000 l_disc=0.0001 l_prior=0.0001 (743s)
  step 20000/20000 loss=0.0303 bc=0.0200 l_on=0.0200 l_off=1.9730 y_frac=1.0000 gate_frac=1.0000 l_disc=0.0001 l_prior=0.0001 (826s)
   align        17/50 gate_on=1.00
   (828s)
[cooperative] method=skillvla_noattn seed=1 train=['align'] frames=1823
  step 2000/20000 loss=0.1652 bc=0.1652 (35s)
  step 4000/20000 loss=0.0714 bc=0.0714 (70s)
  step 6000/20000 loss=0.0305 bc=0.0305 (105s)
  step 8000/20000 loss=0.0332 bc=0.0332 (140s)
  step 10000/20000 loss=0.0285 bc=0.0285 (175s)
  step 12000/20000 loss=0.0183 bc=0.0183 (210s)
  step 14000/20000 loss=0.0194 bc=0.0194 (244s)
  step 16000/20000 loss=0.0172 bc=0.0172 (279s)
  step 18000/20000 loss=0.0182 bc=0.0182 (314s)
  step 20000/20000 loss=0.0194 bc=0.0194 (348s)
   align        11/50
   (350s)
[cooperative] method=mono seed=2 train=['align'] frames=1865
  step 2000/20000 loss=0.0497 bc=0.0497 (21s)
  step 4000/20000 loss=0.0246 bc=0.0246 (42s)
  step 6000/20000 loss=0.0156 bc=0.0156 (63s)
  step 8000/20000 loss=0.0175 bc=0.0175 (84s)
  step 10000/20000 loss=0.0079 bc=0.0079 (105s)
  step 12000/20000 loss=0.0106 bc=0.0106 (127s)
  step 14000/20000 loss=0.0167 bc=0.0167 (149s)
  step 16000/20000 loss=0.0073 bc=0.0073 (170s)
  step 18000/20000 loss=0.0058 bc=0.0058 (191s)
  step 20000/20000 loss=0.0059 bc=0.0059 (212s)
   align        18/50
   (214s)
[cooperative] method=twin seed=2 train=['align'] frames=1865
  step 2000/20000 loss=0.0585 bc=0.0585 (45s)
  step 4000/20000 loss=0.0175 bc=0.0175 (91s)
  step 6000/20000 loss=0.0158 bc=0.0158 (137s)
  step 8000/20000 loss=0.0165 bc=0.0165 (183s)
  step 10000/20000 loss=0.0094 bc=0.0094 (228s)
  step 12000/20000 loss=0.0100 bc=0.0100 (274s)
  step 14000/20000 loss=0.0159 bc=0.0159 (319s)
  step 16000/20000 loss=0.0070 bc=0.0070 (364s)
  step 18000/20000 loss=0.0057 bc=0.0057 (410s)
  step 20000/20000 loss=0.0060 bc=0.0060 (455s)
   align        19/50
   (457s)
[cooperative] method=skillvla seed=2 train=['align'] frames=1865
  step 2000/20000 loss=0.1204 bc=0.1094 l_on=0.1094 l_off=1.6633 y_frac=1.0000 gate_frac=1.0000 l_disc=0.0004 l_prior=0.0004 (82s)
  step 4000/20000 loss=0.0492 bc=0.0389 l_on=0.0389 l_off=1.5981 y_frac=1.0000 gate_frac=1.0000 l_disc=0.0001 l_prior=0.0001 (164s)
  step 6000/20000 loss=0.0429 bc=0.0326 l_on=0.0326 l_off=1.5395 y_frac=1.0000 gate_frac=1.0000 l_disc=0.0001 l_prior=0.0001 (249s)
  step 8000/20000 loss=0.0378 bc=0.0275 l_on=0.0275 l_off=1.6119 y_frac=1.0000 gate_frac=1.0000 l_disc=0.0001 l_prior=0.0001 (334s)
  step 10000/20000 loss=0.0432 bc=0.0329 l_on=0.0329 l_off=2.0320 y_frac=1.0000 gate_frac=1.0000 l_disc=0.0001 l_prior=0.0001 (417s)
  step 12000/20000 loss=0.0293 bc=0.0190 l_on=0.0190 l_off=1.8193 y_frac=1.0000 gate_frac=1.0000 l_disc=0.0001 l_prior=0.0001 (502s)
  step 14000/20000 loss=0.0207 bc=0.0104 l_on=0.0104 l_off=1.4544 y_frac=1.0000 gate_frac=1.0000 l_disc=0.0001 l_prior=0.0001 (587s)
  step 16000/20000 loss=0.0226 bc=0.0123 l_on=0.0123 l_off=1.7815 y_frac=1.0000 gate_frac=1.0000 l_disc=0.0001 l_prior=0.0001 (677s)
  step 18000/20000 loss=0.0238 bc=0.0135 l_on=0.0135 l_off=1.9993 y_frac=1.0000 gate_frac=1.0000 l_disc=0.0001 l_prior=0.0001 (762s)
  step 20000/20000 loss=0.0288 bc=0.0185 l_on=0.0185 l_off=1.9466 y_frac=1.0000 gate_frac=1.0000 l_disc=0.0001 l_prior=0.0001 (844s)
   align        14/50 gate_on=1.00
   (846s)
[cooperative] method=skillvla_noattn seed=2 train=['align'] frames=1865
  step 2000/20000 loss=0.1322 bc=0.1322 (35s)
  step 4000/20000 loss=0.0418 bc=0.0418 (70s)
  step 6000/20000 loss=0.0310 bc=0.0310 (104s)
  step 8000/20000 loss=0.0225 bc=0.0225 (139s)
  step 10000/20000 loss=0.0302 bc=0.0302 (174s)
  step 12000/20000 loss=0.0202 bc=0.0202 (209s)
  step 14000/20000 loss=0.0113 bc=0.0113 (243s)
  step 16000/20000 loss=0.0123 bc=0.0123 (278s)
  step 18000/20000 loss=0.0127 bc=0.0127 (314s)
  step 20000/20000 loss=0.0181 bc=0.0181 (350s)
   align        9/50
   (352s)
wrote /home/mars/Desktop/sunianbing/skillvla_repro/scripts/../results/cooperative.json
