[cooperative] method=mono seed=0 train=['shake'] frames=2867
  step 2000/20000 loss=0.0305 bc=0.0305 (45s)
  step 4000/20000 loss=0.0312 bc=0.0312 (90s)
  step 6000/20000 loss=0.0211 bc=0.0211 (135s)
  step 8000/20000 loss=0.0145 bc=0.0145 (180s)
  step 10000/20000 loss=0.0134 bc=0.0134 (225s)
  step 12000/20000 loss=0.0062 bc=0.0062 (270s)
  step 14000/20000 loss=0.0086 bc=0.0086 (315s)
  step 16000/20000 loss=0.0093 bc=0.0093 (360s)
  step 18000/20000 loss=0.0085 bc=0.0085 (395s)
  step 20000/20000 loss=0.0034 bc=0.0034 (432s)
   shake        38/50
   (434s)
[cooperative] method=twin seed=0 train=['shake'] frames=2867
  step 2000/20000 loss=0.0380 bc=0.0380 (90s)
  step 4000/20000 loss=0.0296 bc=0.0296 (180s)
  step 6000/20000 loss=0.0086 bc=0.0086 (269s)
  step 8000/20000 loss=0.0146 bc=0.0146 (358s)
  step 10000/20000 loss=0.0350 bc=0.0350 (448s)
  step 12000/20000 loss=0.0061 bc=0.0061 (537s)
  step 14000/20000 loss=0.0085 bc=0.0085 (627s)
  step 16000/20000 loss=0.0088 bc=0.0088 (716s)
  step 18000/20000 loss=0.0082 bc=0.0082 (805s)
  step 20000/20000 loss=0.0034 bc=0.0034 (895s)
   shake        39/50
   (897s)
[cooperative] method=skillvla seed=0 train=['shake'] frames=2867
  step 2000/20000 loss=0.0614 bc=0.0508 l_on=0.0508 l_off=0.4642 y_frac=1.0000 gate_frac=1.0000 l_disc=0.0002 l_prior=0.0002 (143s)
  step 4000/20000 loss=0.0637 bc=0.0534 l_on=0.0534 l_off=0.6862 y_frac=1.0000 gate_frac=1.0000 l_disc=0.0001 l_prior=0.0001 (287s)
  step 6000/20000 loss=0.0481 bc=0.0378 l_on=0.0378 l_off=0.7593 y_frac=1.0000 gate_frac=1.0000 l_disc=0.0001 l_prior=0.0001 (431s)
  step 8000/20000 loss=0.0305 bc=0.0202 l_on=0.0202 l_off=0.7007 y_frac=1.0000 gate_frac=1.0000 l_disc=0.0001 l_prior=0.0001 (550s)
  step 10000/20000 loss=0.0341 bc=0.0238 l_on=0.0238 l_off=0.6371 y_frac=1.0000 gate_frac=1.0000 l_disc=0.0001 l_prior=0.0001 (652s)
  step 12000/20000 loss=0.0313 bc=0.0210 l_on=0.0210 l_off=0.7519 y_frac=1.0000 gate_frac=1.0000 l_disc=0.0001 l_prior=0.0001 (795s)
  step 14000/20000 loss=0.0316 bc=0.0213 l_on=0.0213 l_off=0.9251 y_frac=1.0000 gate_frac=1.0000 l_disc=0.0001 l_prior=0.0001 (938s)
  step 16000/20000 loss=0.0280 bc=0.0177 l_on=0.0177 l_off=0.8445 y_frac=1.0000 gate_frac=1.0000 l_disc=0.0001 l_prior=0.0001 (1081s)
  step 18000/20000 loss=0.0299 bc=0.0196 l_on=0.0196 l_off=0.6705 y_frac=1.0000 gate_frac=1.0000 l_disc=0.0001 l_prior=0.0001 (1225s)
  step 20000/20000 loss=0.0241 bc=0.0138 l_on=0.0138 l_off=0.7861 y_frac=1.0000 gate_frac=1.0000 l_disc=0.0001 l_prior=0.0001 (1369s)
   shake        43/50 gate_on=1.00
   (1370s)
[cooperative] method=skillvla_noattn seed=0 train=['shake'] frames=2867
  step 2000/20000 loss=0.0590 bc=0.0590 (68s)
  step 4000/20000 loss=0.0561 bc=0.0561 (138s)
  step 6000/20000 loss=0.0374 bc=0.0374 (207s)
  step 8000/20000 loss=0.0240 bc=0.0240 (275s)
  step 10000/20000 loss=0.0246 bc=0.0246 (344s)
  step 12000/20000 loss=0.0205 bc=0.0205 (412s)
  step 14000/20000 loss=0.0216 bc=0.0216 (481s)
  step 16000/20000 loss=0.0182 bc=0.0182 (549s)
  step 18000/20000 loss=0.0202 bc=0.0202 (617s)
  step 20000/20000 loss=0.0146 bc=0.0146 (683s)
   shake        11/50
   (684s)
[cooperative] method=mono seed=0 train=['ball'] frames=1884
  step 2000/20000 loss=0.0238 bc=0.0238 (27s)
  step 4000/20000 loss=0.0447 bc=0.0447 (48s)
  step 6000/20000 loss=0.0058 bc=0.0058 (70s)
  step 8000/20000 loss=0.0074 bc=0.0074 (92s)
  step 10000/20000 loss=0.0081 bc=0.0081 (124s)
  step 12000/20000 loss=0.0039 bc=0.0039 (169s)
  step 14000/20000 loss=0.0037 bc=0.0037 (213s)
  step 16000/20000 loss=0.0026 bc=0.0026 (258s)
  step 18000/20000 loss=0.0040 bc=0.0040 (303s)
  step 20000/20000 loss=0.0015 bc=0.0015 (347s)
   ball         40/50
   (348s)
[cooperative] method=twin seed=0 train=['ball'] frames=1884
  step 2000/20000 loss=0.0234 bc=0.0234 (90s)
  step 4000/20000 loss=0.0208 bc=0.0208 (179s)
  step 6000/20000 loss=0.0055 bc=0.0055 (252s)
  step 8000/20000 loss=0.0085 bc=0.0085 (341s)
  step 10000/20000 loss=0.0084 bc=0.0084 (430s)
  step 12000/20000 loss=0.0041 bc=0.0041 (520s)
  step 14000/20000 loss=0.0038 bc=0.0038 (609s)
  step 16000/20000 loss=0.0029 bc=0.0029 (699s)
  step 18000/20000 loss=0.0041 bc=0.0041 (788s)
  step 20000/20000 loss=0.0015 bc=0.0015 (878s)
   ball         45/50
   (879s)
[cooperative] method=skillvla seed=0 train=['ball'] frames=1884
  step 2000/20000 loss=0.0454 bc=0.0351 l_on=0.0351 l_off=0.5653 y_frac=1.0000 gate_frac=1.0000 l_disc=0.0001 l_prior=0.0001 (143s)
  step 4000/20000 loss=0.0383 bc=0.0280 l_on=0.0280 l_off=0.7497 y_frac=1.0000 gate_frac=1.0000 l_disc=0.0001 l_prior=0.0001 (270s)
  step 6000/20000 loss=0.0317 bc=0.0214 l_on=0.0214 l_off=0.8667 y_frac=1.0000 gate_frac=1.0000 l_disc=0.0001 l_prior=0.0001 (414s)
  step 8000/20000 loss=0.0327 bc=0.0224 l_on=0.0224 l_off=0.9505 y_frac=1.0000 gate_frac=1.0000 l_disc=0.0001 l_prior=0.0001 (558s)
  step 10000/20000 loss=0.0242 bc=0.0139 l_on=0.0139 l_off=1.2835 y_frac=1.0000 gate_frac=1.0000 l_disc=0.0001 l_prior=0.0001 (703s)
  step 12000/20000 loss=0.0172 bc=0.0069 l_on=0.0069 l_off=1.0129 y_frac=1.0000 gate_frac=1.0000 l_disc=0.0001 l_prior=0.0001 (847s)
  step 14000/20000 loss=0.0248 bc=0.0145 l_on=0.0145 l_off=1.3072 y_frac=1.0000 gate_frac=1.0000 l_disc=0.0001 l_prior=0.0001 (991s)
  step 16000/20000 loss=0.0184 bc=0.0081 l_on=0.0081 l_off=1.0460 y_frac=1.0000 gate_frac=1.0000 l_disc=0.0001 l_prior=0.0001 (1134s)
  step 18000/20000 loss=0.0184 bc=0.0081 l_on=0.0081 l_off=1.3747 y_frac=1.0000 gate_frac=1.0000 l_disc=0.0001 l_prior=0.0001 (1279s)
  step 20000/20000 loss=0.0155 bc=0.0052 l_on=0.0052 l_off=1.0940 y_frac=1.0000 gate_frac=1.0000 l_disc=0.0001 l_prior=0.0001 (1425s)
   ball         45/50 gate_on=1.00
   (1428s)
[cooperative] method=skillvla_noattn seed=0 train=['ball'] frames=1884
  step 2000/20000 loss=0.0383 bc=0.0383 (70s)
  step 4000/20000 loss=0.0352 bc=0.0352 (139s)
  step 6000/20000 loss=0.0210 bc=0.0210 (207s)
  step 8000/20000 loss=0.0182 bc=0.0182 (276s)
  step 10000/20000 loss=0.0155 bc=0.0155 (326s)
  step 12000/20000 loss=0.0063 bc=0.0063 (394s)
  step 14000/20000 loss=0.0152 bc=0.0152 (463s)
  step 16000/20000 loss=0.0079 bc=0.0079 (532s)
  step 18000/20000 loss=0.0081 bc=0.0081 (601s)
  step 20000/20000 loss=0.0051 bc=0.0051 (670s)
   ball         1/50
   (671s)
[cooperative] method=mono seed=0 train=['align'] frames=1989
  step 2000/20000 loss=0.0507 bc=0.0507 (45s)
  step 4000/20000 loss=0.0336 bc=0.0336 (89s)
  step 6000/20000 loss=0.0130 bc=0.0130 (118s)
  step 8000/20000 loss=0.0177 bc=0.0177 (163s)
  step 10000/20000 loss=0.0110 bc=0.0110 (208s)
  step 12000/20000 loss=0.0076 bc=0.0076 (252s)
  step 14000/20000 loss=0.0092 bc=0.0092 (298s)
  step 16000/20000 loss=0.0076 bc=0.0076 (342s)
  step 18000/20000 loss=0.0072 bc=0.0072 (387s)
  step 20000/20000 loss=0.0024 bc=0.0024 (431s)
   align        1/50
   (433s)
[cooperative] method=twin seed=0 train=['align'] frames=1989
  step 2000/20000 loss=0.0541 bc=0.0541 (89s)
  step 4000/20000 loss=0.0323 bc=0.0323 (179s)
  step 6000/20000 loss=0.0101 bc=0.0101 (268s)
  step 8000/20000 loss=0.0195 bc=0.0195 (358s)
  step 10000/20000 loss=0.0120 bc=0.0120 (447s)
  step 12000/20000 loss=0.0067 bc=0.0067 (537s)
  step 14000/20000 loss=0.0092 bc=0.0092 (607s)
  step 16000/20000 loss=0.0080 bc=0.0080 (696s)
  step 18000/20000 loss=0.0083 bc=0.0083 (785s)
  step 20000/20000 loss=0.0027 bc=0.0027 (875s)
   align        1/50
   (878s)
[cooperative] method=skillvla seed=0 train=['align'] frames=1989
  step 2000/20000 loss=0.1142 bc=0.1019 l_on=0.1019 l_off=0.8820 y_frac=1.0000 gate_frac=1.0000 l_disc=0.0009 l_prior=0.0009 (143s)
  step 4000/20000 loss=0.0663 bc=0.0560 l_on=0.0560 l_off=1.2401 y_frac=1.0000 gate_frac=1.0000 l_disc=0.0001 l_prior=0.0001 (287s)
  step 6000/20000 loss=0.0496 bc=0.0393 l_on=0.0393 l_off=1.3723 y_frac=1.0000 gate_frac=1.0000 l_disc=0.0001 l_prior=0.0001 (430s)
  step 8000/20000 loss=0.0341 bc=0.0238 l_on=0.0238 l_off=1.2808 y_frac=1.0000 gate_frac=1.0000 l_disc=0.0001 l_prior=0.0001 (573s)
  step 10000/20000 loss=0.0402 bc=0.0299 l_on=0.0299 l_off=1.5428 y_frac=1.0000 gate_frac=1.0000 l_disc=0.0001 l_prior=0.0001 (717s)
  step 12000/20000 loss=0.0309 bc=0.0206 l_on=0.0206 l_off=1.3826 y_frac=1.0000 gate_frac=1.0000 l_disc=0.0001 l_prior=0.0001 (860s)
  step 14000/20000 loss=0.0318 bc=0.0215 l_on=0.0215 l_off=1.7455 y_frac=1.0000 gate_frac=1.0000 l_disc=0.0001 l_prior=0.0001 (1003s)
  step 16000/20000 loss=0.0228 bc=0.0125 l_on=0.0125 l_off=1.4566 y_frac=1.0000 gate_frac=1.0000 l_disc=0.0001 l_prior=0.0001 (1147s)
  step 18000/20000 loss=0.0265 bc=0.0162 l_on=0.0162 l_off=1.6787 y_frac=1.0000 gate_frac=1.0000 l_disc=0.0001 l_prior=0.0001 (1273s)
  step 20000/20000 loss=0.0215 bc=0.0112 l_on=0.0112 l_off=1.5354 y_frac=1.0000 gate_frac=1.0000 l_disc=0.0001 l_prior=0.0001 (1417s)
   align        2/50 gate_on=1.00
   (1420s)
[cooperative] method=skillvla_noattn seed=0 train=['align'] frames=1989
  step 2000/20000 loss=0.1351 bc=0.1351 (69s)
  step 4000/20000 loss=0.0607 bc=0.0607 (137s)
  step 6000/20000 loss=0.0453 bc=0.0453 (206s)
  step 8000/20000 loss=0.0390 bc=0.0390 (257s)
  step 10000/20000 loss=0.0331 bc=0.0331 (325s)
  step 12000/20000 loss=0.0200 bc=0.0200 (394s)
  step 14000/20000 loss=0.0223 bc=0.0223 (462s)
  step 16000/20000 loss=0.0140 bc=0.0140 (531s)
  step 18000/20000 loss=0.0163 bc=0.0163 (601s)
  step 20000/20000 loss=0.0115 bc=0.0115 (670s)
   align        0/50
   (673s)
wrote /home/mars/Desktop/sunianbing/skillvla_repro/scripts/../out/pilot_cooperative.json
